12:10:49 **** Auto Build of configuration Debug for project lab4 ****
make pre-build main-build 
a9-linaro-pre-build-step
' '
'Building file: ../src/lab4.c'
'Invoking: ARM v7 gcc compiler'
arm-none-eabi-gcc -Wall -O0 -g3 -c -fmessage-length=0 -MT"src/lab4.o" -mcpu=cortex-a9 -mfpu=vfpv3 -mfloat-abi=hard -I../../lab4_bsp/ps7_cortexa9_0/include -MMD -MP -MF"src/lab4.d" -MT"src/lab4.o" -o "src/lab4.o" "../src/lab4.c"
../src/lab4.c: In function 'main':
../src/lab4.c:15:25: warning: variable 'skip' set but not used [-Wunused-but-set-variable]
    unsigned char value, skip;
                         ^~~~
../src/lab4.c:14:11: warning: unused variable 'psb_check' [-Wunused-variable]
    int i, psb_check, dip_check, Status, time_passed;
           ^~~~~~~~~
../src/lab4.c:14:8: warning: unused variable 'i' [-Wunused-variable]
    int i, psb_check, dip_check, Status, time_passed;
        ^
'Finished building: ../src/lab4.c'
' '
'Building target: lab4.elf'
'Invoking: ARM v7 gcc linker'
arm-none-eabi-gcc -mcpu=cortex-a9 -mfpu=vfpv3 -mfloat-abi=hard -Wl,-build-id=none -specs=Xilinx.spec -Wl,-T -Wl,../src/lscript.ld -L../../lab4_bsp/ps7_cortexa9_0/lib -o "lab4.elf"  ./src/lab4.o   -Wl,--start-group,-lxil,-lgcc,-lc,--end-group
'Finished building target: lab4.elf'
' '
'Invoking: ARM v7 Print Size'
arm-none-eabi-size lab4.elf  |tee "lab4.elf.size"
   text	   data	    bss	    dec	    hex	filename
  24724	   1196	   8248	  34168	   8578	lab4.elf
'Finished building: lab4.elf.size'
' '

12:10:50 Build Finished (took 670ms)

